SIG_CURVE: unique +0x6A842F
SIG_BRAKE: unique +0x6A8553
SIG_SLOPE_A: unique +0x6A8604
SIG_SLOPE_B: unique +0x6A8651
SIG_GRID: unique +0x1BDF8C
SIG_CALL_DIV: unique +0x6A796D
SIG_CALL_FUEL1: unique +0x6A7846
SIG_CALL_FUEL2: unique +0x6A788B
SIG_FN_POWER: unique +0x698CF0
SIG_FN_MASS: unique +0x698F80
SIG_FN_DIVISOR: unique +0x698C50
SIG_CHAIN_VEC: 2 references -> 0x9E6A18
SIG_CURVE stolen: 44 38 ae 41 0d 00 00 74 51 f3 0f 10 b6 24 0d 00 00
SIG_BRAKE stolen: f3 0f 5c f0 f3 0f 11 b6 24 0d 00 00 44 0f 2f ce
SIG_SLOPE_A stolen: f3 41 0f 59 c2 f3 0f 58 86 24 0d 00 00 f3 0f 11 86 24 0d 00 00
SIG_SLOPE_B stolen: f3 41 0f 59 c2 f3 0f 58 86 24 0d 00 00 f3 0f 11 86 24 0d 00 00
SIG_GRID stolen: 48 8b 85 70 09 00 00 f3 0f 59 84 1f 8c 00 00 00
Branch +0x6A8655: 76 41 -> +0x6A8698
Branch +0x6A843D: 74 51 -> +0x6A8490
PASS: WRSR 1.1.1.9, SHA256 296644A9F207D609031FC2AE73FED2DCB34619A1D55A35D1C7B51965CE6841B8; no game files changed
